2026-07-24 13:21:09,190  INFO      Cell type: Cardiomyocytes
2026-07-24 13:21:09,190  INFO      Depths: [100, 250, 500, 1000, 2500, 5000, None]
2026-07-24 13:21:09,191  INFO      Replicate seeds: [42, 43, 44, 45, 46, 47, 48, 49, 50, 51]
2026-07-24 13:21:09,191  INFO      Loading AnnData...
2026-07-24 13:23:00,241  INFO        152,223 cells x 38,606 genes
2026-07-24 13:23:02,832  INFO        30,423 cells after subsetting to Cardiomyocytes
2026-07-24 13:23:02,832  INFO        Cells per individual:
2026-07-24 13:23:02,834  INFO          NA19099: 17,064
2026-07-24 13:23:02,834  INFO          NA18522: 7,715
2026-07-24 13:23:02,834  INFO          NA19093: 5,644
2026-07-24 13:23:02,834  INFO      
=======================================================
Depth: 100 (10 replicate(s))
2026-07-24 13:23:02,834  INFO        replicate 0 (seed=42)
2026-07-24 13:23:02,863  INFO          300 cells, 3 individuals
2026-07-24 13:23:03,224  INFO          13,233 genes x 4 individuals
2026-07-24 13:23:03,313  INFO        replicate 1 (seed=43)
2026-07-24 13:23:03,338  INFO          300 cells, 3 individuals
2026-07-24 13:23:03,538  INFO          13,228 genes x 4 individuals
2026-07-24 13:23:03,624  INFO        replicate 2 (seed=44)
2026-07-24 13:23:03,660  INFO          300 cells, 3 individuals
2026-07-24 13:23:03,931  INFO          13,073 genes x 4 individuals
2026-07-24 13:23:04,014  INFO        replicate 3 (seed=45)
2026-07-24 13:23:04,038  INFO          300 cells, 3 individuals
2026-07-24 13:23:04,201  INFO          13,101 genes x 4 individuals
2026-07-24 13:23:04,283  INFO        replicate 4 (seed=46)
2026-07-24 13:23:04,307  INFO          300 cells, 3 individuals
2026-07-24 13:23:04,469  INFO          13,224 genes x 4 individuals
2026-07-24 13:23:04,552  INFO        replicate 5 (seed=47)
2026-07-24 13:23:04,576  INFO          300 cells, 3 individuals
2026-07-24 13:23:04,747  INFO          13,243 genes x 4 individuals
2026-07-24 13:23:04,830  INFO        replicate 6 (seed=48)
2026-07-24 13:23:04,855  INFO          300 cells, 3 individuals
2026-07-24 13:23:05,020  INFO          13,124 genes x 4 individuals
2026-07-24 13:23:05,103  INFO        replicate 7 (seed=49)
2026-07-24 13:23:05,128  INFO          300 cells, 3 individuals
2026-07-24 13:23:05,294  INFO          13,143 genes x 4 individuals
2026-07-24 13:23:05,377  INFO        replicate 8 (seed=50)
2026-07-24 13:23:05,401  INFO          300 cells, 3 individuals
2026-07-24 13:23:05,561  INFO          13,190 genes x 4 individuals
2026-07-24 13:23:05,645  INFO        replicate 9 (seed=51)
2026-07-24 13:23:05,668  INFO          300 cells, 3 individuals
2026-07-24 13:23:05,832  INFO          13,222 genes x 4 individuals
2026-07-24 13:23:05,916  INFO      
=======================================================
Depth: 250 (10 replicate(s))
2026-07-24 13:23:05,916  INFO        replicate 0 (seed=42)
2026-07-24 13:23:05,958  INFO          750 cells, 3 individuals
2026-07-24 13:23:06,288  INFO          13,692 genes x 4 individuals
2026-07-24 13:23:06,374  INFO        replicate 1 (seed=43)
2026-07-24 13:23:06,418  INFO          750 cells, 3 individuals
2026-07-24 13:23:06,747  INFO          13,710 genes x 4 individuals
2026-07-24 13:23:06,834  INFO        replicate 2 (seed=44)
2026-07-24 13:23:06,875  INFO          750 cells, 3 individuals
2026-07-24 13:23:07,203  INFO          13,695 genes x 4 individuals
2026-07-24 13:23:07,290  INFO        replicate 3 (seed=45)
2026-07-24 13:23:07,332  INFO          750 cells, 3 individuals
2026-07-24 13:23:07,658  INFO          13,758 genes x 4 individuals
2026-07-24 13:23:07,745  INFO        replicate 4 (seed=46)
2026-07-24 13:23:07,789  INFO          750 cells, 3 individuals
2026-07-24 13:23:08,118  INFO          13,644 genes x 4 individuals
2026-07-24 13:23:08,203  INFO        replicate 5 (seed=47)
2026-07-24 13:23:08,247  INFO          750 cells, 3 individuals
2026-07-24 13:23:08,567  INFO          13,602 genes x 4 individuals
2026-07-24 13:23:08,652  INFO        replicate 6 (seed=48)
2026-07-24 13:23:08,696  INFO          750 cells, 3 individuals
2026-07-24 13:23:09,018  INFO          13,639 genes x 4 individuals
2026-07-24 13:23:09,104  INFO        replicate 7 (seed=49)
2026-07-24 13:23:09,146  INFO          750 cells, 3 individuals
2026-07-24 13:23:09,481  INFO          13,676 genes x 4 individuals
2026-07-24 13:23:09,568  INFO        replicate 8 (seed=50)
2026-07-24 13:23:09,610  INFO          750 cells, 3 individuals
2026-07-24 13:23:09,944  INFO          13,658 genes x 4 individuals
2026-07-24 13:23:10,031  INFO        replicate 9 (seed=51)
2026-07-24 13:23:10,075  INFO          750 cells, 3 individuals
2026-07-24 13:23:10,401  INFO          13,657 genes x 4 individuals
2026-07-24 13:23:10,488  INFO      
=======================================================
Depth: 500 (10 replicate(s))
2026-07-24 13:23:10,488  INFO        replicate 0 (seed=42)
2026-07-24 13:23:10,562  INFO          1,500 cells, 3 individuals
2026-07-24 13:23:11,235  INFO          13,815 genes x 4 individuals
2026-07-24 13:23:11,323  INFO        replicate 1 (seed=43)
2026-07-24 13:23:11,455  INFO          1,500 cells, 3 individuals
2026-07-24 13:23:12,337  INFO          13,876 genes x 4 individuals
2026-07-24 13:23:12,426  INFO        replicate 2 (seed=44)
2026-07-24 13:23:12,586  INFO          1,500 cells, 3 individuals
2026-07-24 13:23:13,455  INFO          13,784 genes x 4 individuals
2026-07-24 13:23:13,542  INFO        replicate 3 (seed=45)
2026-07-24 13:23:13,617  INFO          1,500 cells, 3 individuals
2026-07-24 13:23:14,262  INFO          13,883 genes x 4 individuals
2026-07-24 13:23:14,350  INFO        replicate 4 (seed=46)
2026-07-24 13:23:14,425  INFO          1,500 cells, 3 individuals
2026-07-24 13:23:15,018  INFO          13,774 genes x 4 individuals
2026-07-24 13:23:15,105  INFO        replicate 5 (seed=47)
2026-07-24 13:23:15,178  INFO          1,500 cells, 3 individuals
2026-07-24 13:23:15,819  INFO          13,834 genes x 4 individuals
2026-07-24 13:23:15,907  INFO        replicate 6 (seed=48)
2026-07-24 13:23:16,008  INFO          1,500 cells, 3 individuals
2026-07-24 13:23:16,772  INFO          13,813 genes x 4 individuals
2026-07-24 13:23:16,860  INFO        replicate 7 (seed=49)
2026-07-24 13:23:16,935  INFO          1,500 cells, 3 individuals
2026-07-24 13:23:17,533  INFO          13,847 genes x 4 individuals
2026-07-24 13:23:17,621  INFO        replicate 8 (seed=50)
2026-07-24 13:23:17,694  INFO          1,500 cells, 3 individuals
2026-07-24 13:23:18,376  INFO          13,844 genes x 4 individuals
2026-07-24 13:23:18,464  INFO        replicate 9 (seed=51)
2026-07-24 13:23:18,540  INFO          1,500 cells, 3 individuals
2026-07-24 13:23:19,437  INFO          13,834 genes x 4 individuals
2026-07-24 13:23:19,525  INFO      
=======================================================
Depth: 1000 (10 replicate(s))
2026-07-24 13:23:19,525  INFO        replicate 0 (seed=42)
2026-07-24 13:23:19,810  INFO          3,000 cells, 3 individuals
2026-07-24 13:23:21,424  INFO          13,898 genes x 4 individuals
2026-07-24 13:23:21,512  INFO        replicate 1 (seed=43)
2026-07-24 13:23:21,680  INFO          3,000 cells, 3 individuals
2026-07-24 13:23:23,100  INFO          13,893 genes x 4 individuals
2026-07-24 13:23:23,190  INFO        replicate 2 (seed=44)
2026-07-24 13:23:23,455  INFO          3,000 cells, 3 individuals
2026-07-24 13:23:25,254  INFO          13,916 genes x 4 individuals
2026-07-24 13:23:25,342  INFO        replicate 3 (seed=45)
2026-07-24 13:23:25,639  INFO          3,000 cells, 3 individuals
2026-07-24 13:23:27,462  INFO          13,929 genes x 4 individuals
2026-07-24 13:23:27,551  INFO        replicate 4 (seed=46)
2026-07-24 13:23:27,850  INFO          3,000 cells, 3 individuals
2026-07-24 13:23:29,461  INFO          13,893 genes x 4 individuals
2026-07-24 13:23:29,549  INFO        replicate 5 (seed=47)
2026-07-24 13:23:29,780  INFO          3,000 cells, 3 individuals
2026-07-24 13:23:31,539  INFO          13,908 genes x 4 individuals
2026-07-24 13:23:31,627  INFO        replicate 6 (seed=48)
2026-07-24 13:23:31,894  INFO          3,000 cells, 3 individuals
2026-07-24 13:23:33,697  INFO          13,880 genes x 4 individuals
2026-07-24 13:23:33,786  INFO        replicate 7 (seed=49)
2026-07-24 13:23:34,085  INFO          3,000 cells, 3 individuals
2026-07-24 13:23:35,895  INFO          13,917 genes x 4 individuals
2026-07-24 13:23:35,983  INFO        replicate 8 (seed=50)
2026-07-24 13:23:36,282  INFO          3,000 cells, 3 individuals
2026-07-24 13:23:37,900  INFO          13,918 genes x 4 individuals
2026-07-24 13:23:37,989  INFO        replicate 9 (seed=51)
2026-07-24 13:23:38,126  INFO          3,000 cells, 3 individuals
2026-07-24 13:23:39,922  INFO          13,874 genes x 4 individuals
2026-07-24 13:23:40,011  INFO      
=======================================================
Depth: 2500 (10 replicate(s))
2026-07-24 13:23:40,011  INFO        replicate 0 (seed=42)
2026-07-24 13:23:40,733  INFO          7,500 cells, 3 individuals
2026-07-24 13:23:45,477  INFO          13,904 genes x 4 individuals
2026-07-24 13:23:45,567  INFO        replicate 1 (seed=43)
2026-07-24 13:23:46,284  INFO          7,500 cells, 3 individuals
2026-07-24 13:23:51,007  INFO          13,911 genes x 4 individuals
2026-07-24 13:23:51,096  INFO        replicate 2 (seed=44)
2026-07-24 13:23:51,814  INFO          7,500 cells, 3 individuals
2026-07-24 13:23:56,425  INFO          13,900 genes x 4 individuals
2026-07-24 13:23:56,513  INFO        replicate 3 (seed=45)
2026-07-24 13:23:57,236  INFO          7,500 cells, 3 individuals
2026-07-24 13:24:01,965  INFO          13,904 genes x 4 individuals
2026-07-24 13:24:02,054  INFO        replicate 4 (seed=46)
2026-07-24 13:24:02,771  INFO          7,500 cells, 3 individuals
2026-07-24 13:24:07,488  INFO          13,928 genes x 4 individuals
2026-07-24 13:24:07,578  INFO        replicate 5 (seed=47)
2026-07-24 13:24:08,298  INFO          7,500 cells, 3 individuals
2026-07-24 13:24:13,019  INFO          13,926 genes x 4 individuals
2026-07-24 13:24:13,107  INFO        replicate 6 (seed=48)
2026-07-24 13:24:13,824  INFO          7,500 cells, 3 individuals
2026-07-24 13:24:18,604  INFO          13,909 genes x 4 individuals
2026-07-24 13:24:18,693  INFO        replicate 7 (seed=49)
2026-07-24 13:24:19,412  INFO          7,500 cells, 3 individuals
2026-07-24 13:24:24,153  INFO          13,955 genes x 4 individuals
2026-07-24 13:24:24,242  INFO        replicate 8 (seed=50)
2026-07-24 13:24:24,961  INFO          7,500 cells, 3 individuals
2026-07-24 13:24:29,709  INFO          13,934 genes x 4 individuals
2026-07-24 13:24:29,797  INFO        replicate 9 (seed=51)
2026-07-24 13:24:30,515  INFO          7,500 cells, 3 individuals
2026-07-24 13:24:35,262  INFO          13,897 genes x 4 individuals
2026-07-24 13:24:35,351  INFO      
=======================================================
Depth: 5000 (10 replicate(s))
2026-07-24 13:24:35,351  INFO        replicate 0 (seed=42)
2026-07-24 13:24:36,774  INFO          15,000 cells, 3 individuals
2026-07-24 13:24:46,401  INFO          13,953 genes x 4 individuals
2026-07-24 13:24:46,490  INFO        replicate 1 (seed=43)
2026-07-24 13:24:47,913  INFO          15,000 cells, 3 individuals
2026-07-24 13:24:57,470  INFO          13,932 genes x 4 individuals
2026-07-24 13:24:57,559  INFO        replicate 2 (seed=44)
2026-07-24 13:24:58,975  INFO          15,000 cells, 3 individuals
2026-07-24 13:25:08,543  INFO          13,924 genes x 4 individuals
2026-07-24 13:25:08,632  INFO        replicate 3 (seed=45)
2026-07-24 13:25:10,051  INFO          15,000 cells, 3 individuals
2026-07-24 13:29:01,793  INFO      Cell type: Cardiomyocytes
2026-07-24 13:29:01,793  INFO      Depths: [100, 250, 500, 1000, 2500, 5000, None]
2026-07-24 13:29:01,793  INFO      Replicate seeds: [42, 43, 44, 45, 46, 47, 48, 49, 50, 51]
2026-07-24 13:29:01,793  INFO      Loading AnnData...
2026-07-24 13:30:53,857  INFO        152,223 cells x 38,606 genes
2026-07-24 13:30:56,504  INFO        30,423 cells after subsetting to Cardiomyocytes
2026-07-24 13:30:56,505  INFO        Cells per individual:
2026-07-24 13:30:56,507  INFO          NA19099: 17,064
2026-07-24 13:30:56,507  INFO          NA18522: 7,715
2026-07-24 13:30:56,507  INFO          NA19093: 5,644
2026-07-24 13:30:56,507  INFO      
=======================================================
Depth: 100 (10 replicate(s))
2026-07-24 13:30:56,507  INFO        replicate 0 (seed=42)
2026-07-24 13:30:56,550  INFO          300 cells, 3 individuals
2026-07-24 13:30:56,857  INFO          13,233 genes x 3 individuals
2026-07-24 13:30:57,132  INFO        replicate 1 (seed=43)
2026-07-24 13:30:57,157  INFO          300 cells, 3 individuals
2026-07-24 13:30:57,321  INFO          13,228 genes x 3 individuals
2026-07-24 13:30:57,486  INFO        replicate 2 (seed=44)
2026-07-24 13:30:57,511  INFO          300 cells, 3 individuals
2026-07-24 13:30:57,671  INFO          13,073 genes x 3 individuals
2026-07-24 13:30:57,835  INFO        replicate 3 (seed=45)
2026-07-24 13:30:57,860  INFO          300 cells, 3 individuals
2026-07-24 13:30:58,024  INFO          13,101 genes x 3 individuals
2026-07-24 13:30:58,205  INFO        replicate 4 (seed=46)
2026-07-24 13:30:58,230  INFO          300 cells, 3 individuals
2026-07-24 13:30:58,395  INFO          13,224 genes x 3 individuals
2026-07-24 13:30:58,566  INFO        replicate 5 (seed=47)
2026-07-24 13:30:58,591  INFO          300 cells, 3 individuals
2026-07-24 13:30:58,758  INFO          13,243 genes x 3 individuals
2026-07-24 13:30:58,922  INFO        replicate 6 (seed=48)
2026-07-24 13:30:58,947  INFO          300 cells, 3 individuals
2026-07-24 13:30:59,108  INFO          13,124 genes x 3 individuals
2026-07-24 13:30:59,273  INFO        replicate 7 (seed=49)
2026-07-24 13:30:59,298  INFO          300 cells, 3 individuals
2026-07-24 13:30:59,462  INFO          13,143 genes x 3 individuals
2026-07-24 13:30:59,626  INFO        replicate 8 (seed=50)
2026-07-24 13:30:59,650  INFO          300 cells, 3 individuals
2026-07-24 13:30:59,813  INFO          13,190 genes x 3 individuals
2026-07-24 13:30:59,979  INFO        replicate 9 (seed=51)
2026-07-24 13:31:00,004  INFO          300 cells, 3 individuals
2026-07-24 13:31:00,166  INFO          13,222 genes x 3 individuals
2026-07-24 13:31:00,331  INFO      
=======================================================
Depth: 250 (10 replicate(s))
2026-07-24 13:31:00,331  INFO        replicate 0 (seed=42)
2026-07-24 13:31:00,376  INFO          750 cells, 3 individuals
2026-07-24 13:31:00,704  INFO          13,692 genes x 3 individuals
2026-07-24 13:31:00,880  INFO        replicate 1 (seed=43)
2026-07-24 13:31:00,924  INFO          750 cells, 3 individuals
2026-07-24 13:31:01,249  INFO          13,710 genes x 3 individuals
2026-07-24 13:31:01,433  INFO        replicate 2 (seed=44)
2026-07-24 13:31:01,477  INFO          750 cells, 3 individuals
2026-07-24 13:31:01,804  INFO          13,695 genes x 3 individuals
2026-07-24 13:31:01,979  INFO        replicate 3 (seed=45)
2026-07-24 13:31:02,025  INFO          750 cells, 3 individuals
2026-07-24 13:31:02,359  INFO          13,758 genes x 3 individuals
2026-07-24 13:31:02,534  INFO        replicate 4 (seed=46)
2026-07-24 13:31:02,578  INFO          750 cells, 3 individuals
2026-07-24 13:31:02,906  INFO          13,644 genes x 3 individuals
2026-07-24 13:31:03,082  INFO        replicate 5 (seed=47)
2026-07-24 13:31:03,125  INFO          750 cells, 3 individuals
2026-07-24 13:31:03,447  INFO          13,602 genes x 3 individuals
2026-07-24 13:31:03,622  INFO        replicate 6 (seed=48)
2026-07-24 13:31:03,667  INFO          750 cells, 3 individuals
2026-07-24 13:31:03,991  INFO          13,639 genes x 3 individuals
2026-07-24 13:31:04,165  INFO        replicate 7 (seed=49)
2026-07-24 13:31:04,209  INFO          750 cells, 3 individuals
2026-07-24 13:31:04,537  INFO          13,676 genes x 3 individuals
2026-07-24 13:31:04,712  INFO        replicate 8 (seed=50)
2026-07-24 13:31:04,757  INFO          750 cells, 3 individuals
2026-07-24 13:31:05,080  INFO          13,658 genes x 3 individuals
2026-07-24 13:31:05,256  INFO        replicate 9 (seed=51)
2026-07-24 13:31:05,301  INFO          750 cells, 3 individuals
2026-07-24 13:31:05,626  INFO          13,657 genes x 3 individuals
2026-07-24 13:31:05,803  INFO      
=======================================================
Depth: 500 (10 replicate(s))
2026-07-24 13:31:05,803  INFO        replicate 0 (seed=42)
2026-07-24 13:31:05,880  INFO          1,500 cells, 3 individuals
2026-07-24 13:31:06,472  INFO          13,815 genes x 3 individuals
2026-07-24 13:31:06,653  INFO        replicate 1 (seed=43)
2026-07-24 13:31:06,734  INFO          1,500 cells, 3 individuals
2026-07-24 13:31:07,330  INFO          13,876 genes x 3 individuals
2026-07-24 13:31:07,513  INFO        replicate 2 (seed=44)
2026-07-24 13:31:07,588  INFO          1,500 cells, 3 individuals
2026-07-24 13:31:08,175  INFO          13,784 genes x 3 individuals
2026-07-24 13:31:08,357  INFO        replicate 3 (seed=45)
2026-07-24 13:31:08,490  INFO          1,500 cells, 3 individuals
2026-07-24 13:31:09,082  INFO          13,883 genes x 3 individuals
2026-07-24 13:31:09,265  INFO        replicate 4 (seed=46)
2026-07-24 13:31:09,348  INFO          1,500 cells, 3 individuals
2026-07-24 13:31:09,976  INFO          13,774 genes x 3 individuals
2026-07-24 13:31:10,157  INFO        replicate 5 (seed=47)
2026-07-24 13:31:10,232  INFO          1,500 cells, 3 individuals
2026-07-24 13:31:10,825  INFO          13,834 genes x 3 individuals
2026-07-24 13:31:11,007  INFO        replicate 6 (seed=48)
2026-07-24 13:31:11,082  INFO          1,500 cells, 3 individuals
2026-07-24 13:31:11,716  INFO          13,813 genes x 3 individuals
2026-07-24 13:31:11,899  INFO        replicate 7 (seed=49)
2026-07-24 13:31:11,974  INFO          1,500 cells, 3 individuals
2026-07-24 13:31:12,610  INFO          13,847 genes x 3 individuals
2026-07-24 13:31:12,791  INFO        replicate 8 (seed=50)
2026-07-24 13:31:12,866  INFO          1,500 cells, 3 individuals
2026-07-24 13:31:13,456  INFO          13,844 genes x 3 individuals
2026-07-24 13:31:13,639  INFO        replicate 9 (seed=51)
2026-07-24 13:31:13,714  INFO          1,500 cells, 3 individuals
2026-07-24 13:31:14,350  INFO          13,834 genes x 3 individuals
2026-07-24 13:31:14,533  INFO      
=======================================================
Depth: 1000 (10 replicate(s))
2026-07-24 13:31:14,533  INFO        replicate 0 (seed=42)
2026-07-24 13:31:14,677  INFO          3,000 cells, 3 individuals
2026-07-24 13:31:15,959  INFO          13,898 genes x 3 individuals
2026-07-24 13:31:16,140  INFO        replicate 1 (seed=43)
2026-07-24 13:31:16,277  INFO          3,000 cells, 3 individuals
2026-07-24 13:31:17,560  INFO          13,893 genes x 3 individuals
2026-07-24 13:31:17,742  INFO        replicate 2 (seed=44)
2026-07-24 13:31:17,880  INFO          3,000 cells, 3 individuals
2026-07-24 13:31:19,163  INFO          13,916 genes x 3 individuals
2026-07-24 13:31:19,344  INFO        replicate 3 (seed=45)
2026-07-24 13:31:19,481  INFO          3,000 cells, 3 individuals
2026-07-24 13:31:20,772  INFO          13,929 genes x 3 individuals
2026-07-24 13:31:20,954  INFO        replicate 4 (seed=46)
2026-07-24 13:31:21,090  INFO          3,000 cells, 3 individuals
2026-07-24 13:31:22,368  INFO          13,893 genes x 3 individuals
2026-07-24 13:31:22,550  INFO        replicate 5 (seed=47)
2026-07-24 13:31:22,686  INFO          3,000 cells, 3 individuals
2026-07-24 13:31:23,934  INFO          13,908 genes x 3 individuals
2026-07-24 13:31:24,115  INFO        replicate 6 (seed=48)
2026-07-24 13:31:24,251  INFO          3,000 cells, 3 individuals
2026-07-24 13:31:25,483  INFO          13,880 genes x 3 individuals
2026-07-24 13:31:25,663  INFO        replicate 7 (seed=49)
2026-07-24 13:31:25,800  INFO          3,000 cells, 3 individuals
2026-07-24 13:31:27,051  INFO          13,917 genes x 3 individuals
2026-07-24 13:31:27,233  INFO        replicate 8 (seed=50)
2026-07-24 13:31:27,392  INFO          3,000 cells, 3 individuals
2026-07-24 13:31:28,635  INFO          13,918 genes x 3 individuals
2026-07-24 13:31:28,817  INFO        replicate 9 (seed=51)
2026-07-24 13:31:28,953  INFO          3,000 cells, 3 individuals
2026-07-24 13:31:30,181  INFO          13,874 genes x 3 individuals
2026-07-24 13:31:30,364  INFO      
=======================================================
Depth: 2500 (10 replicate(s))
2026-07-24 13:31:30,364  INFO        replicate 0 (seed=42)
2026-07-24 13:31:30,685  INFO          7,500 cells, 3 individuals
2026-07-24 13:31:35,099  INFO          13,904 genes x 3 individuals
2026-07-24 13:31:35,291  INFO        replicate 1 (seed=43)
2026-07-24 13:31:35,609  INFO          7,500 cells, 3 individuals
2026-07-24 13:31:39,963  INFO          13,911 genes x 3 individuals
2026-07-24 13:31:40,156  INFO        replicate 2 (seed=44)
2026-07-24 13:31:40,476  INFO          7,500 cells, 3 individuals
2026-07-24 13:31:44,892  INFO          13,900 genes x 3 individuals
2026-07-24 13:31:45,083  INFO        replicate 3 (seed=45)
2026-07-24 13:31:45,403  INFO          7,500 cells, 3 individuals
2026-07-24 13:31:49,734  INFO          13,904 genes x 3 individuals
2026-07-24 13:31:49,926  INFO        replicate 4 (seed=46)
2026-07-24 13:31:50,246  INFO          7,500 cells, 3 individuals
2026-07-24 13:31:54,638  INFO          13,928 genes x 3 individuals
2026-07-24 13:31:54,830  INFO        replicate 5 (seed=47)
2026-07-24 13:31:55,150  INFO          7,500 cells, 3 individuals
2026-07-24 13:31:59,540  INFO          13,926 genes x 3 individuals
2026-07-24 13:31:59,731  INFO        replicate 6 (seed=48)
2026-07-24 13:32:00,050  INFO          7,500 cells, 3 individuals
2026-07-24 13:32:04,401  INFO          13,909 genes x 3 individuals
2026-07-24 13:32:04,594  INFO        replicate 7 (seed=49)
2026-07-24 13:32:04,913  INFO          7,500 cells, 3 individuals
2026-07-24 13:32:09,356  INFO          13,955 genes x 3 individuals
2026-07-24 13:32:09,571  INFO        replicate 8 (seed=50)
2026-07-24 13:32:09,892  INFO          7,500 cells, 3 individuals
2026-07-24 13:32:14,333  INFO          13,934 genes x 3 individuals
2026-07-24 13:32:14,534  INFO        replicate 9 (seed=51)
2026-07-24 13:32:14,857  INFO          7,500 cells, 3 individuals
2026-07-24 13:32:19,254  INFO          13,897 genes x 3 individuals
2026-07-24 13:32:19,447  INFO      
=======================================================
Depth: 5000 (10 replicate(s))
2026-07-24 13:32:19,447  INFO        replicate 0 (seed=42)
2026-07-24 13:32:20,545  INFO          15,000 cells, 3 individuals
2026-07-24 13:32:29,865  INFO          13,953 genes x 3 individuals
2026-07-24 13:32:30,070  INFO        replicate 1 (seed=43)
2026-07-24 13:32:31,385  INFO          15,000 cells, 3 individuals
2026-07-24 13:32:40,754  INFO          13,932 genes x 3 individuals
2026-07-24 13:32:40,960  INFO        replicate 2 (seed=44)
2026-07-24 13:32:41,837  INFO          15,000 cells, 3 individuals
2026-07-24 13:32:51,132  INFO          13,924 genes x 3 individuals
2026-07-24 13:32:51,337  INFO        replicate 3 (seed=45)
2026-07-24 13:32:52,213  INFO          15,000 cells, 3 individuals
2026-07-24 13:33:01,486  INFO          13,920 genes x 3 individuals
2026-07-24 13:33:01,690  INFO        replicate 4 (seed=46)
2026-07-24 13:33:02,567  INFO          15,000 cells, 3 individuals
2026-07-24 13:33:11,897  INFO          13,935 genes x 3 individuals
2026-07-24 13:33:12,102  INFO        replicate 5 (seed=47)
2026-07-24 13:33:12,975  INFO          15,000 cells, 3 individuals
2026-07-24 13:33:22,311  INFO          13,928 genes x 3 individuals
2026-07-24 13:33:22,515  INFO        replicate 6 (seed=48)
2026-07-24 13:33:23,393  INFO          15,000 cells, 3 individuals
2026-07-24 13:33:32,728  INFO          13,945 genes x 3 individuals
2026-07-24 13:33:32,961  INFO        replicate 7 (seed=49)
2026-07-24 13:33:34,018  INFO          15,000 cells, 3 individuals
2026-07-24 13:33:43,395  INFO          13,932 genes x 3 individuals
2026-07-24 13:33:43,600  INFO        replicate 8 (seed=50)
2026-07-24 13:33:44,915  INFO          15,000 cells, 3 individuals
2026-07-24 13:33:54,207  INFO          13,954 genes x 3 individuals
2026-07-24 13:33:54,412  INFO        replicate 9 (seed=51)
2026-07-24 13:33:55,283  INFO          15,000 cells, 3 individuals
2026-07-24 13:34:04,587  INFO          13,928 genes x 3 individuals
2026-07-24 13:34:04,794  INFO      
=======================================================
Depth: full (1 replicate(s))
2026-07-24 13:34:04,794  INFO        replicate 0 (seed=None)
2026-07-24 13:34:04,796  INFO          30,423 cells, 3 individuals
2026-07-24 13:34:24,208  INFO          13,945 genes x 3 individuals
2026-07-24 13:34:24,456  INFO      
Summary written to /project/gilad/awchen55/differentialDispersion/analysis/dispersion_diagnostics/data/downsample_reliability/sweep_summary.csv
2026-07-24 13:34:24,483  INFO      
         cell_type depth replicate  seed  n_cells  n_individuals   status  n_genes error
0   Cardiomyocytes   100         0  42.0      300              3  success    13233      
1   Cardiomyocytes   100         1  43.0      300              3  success    13228      
2   Cardiomyocytes   100         2  44.0      300              3  success    13073      
3   Cardiomyocytes   100         3  45.0      300              3  success    13101      
4   Cardiomyocytes   100         4  46.0      300              3  success    13224      
5   Cardiomyocytes   100         5  47.0      300              3  success    13243      
6   Cardiomyocytes   100         6  48.0      300              3  success    13124      
7   Cardiomyocytes   100         7  49.0      300              3  success    13143      
8   Cardiomyocytes   100         8  50.0      300              3  success    13190      
9   Cardiomyocytes   100         9  51.0      300              3  success    13222      
10  Cardiomyocytes   250         0  42.0      750              3  success    13692      
11  Cardiomyocytes   250         1  43.0      750              3  success    13710      
12  Cardiomyocytes   250         2  44.0      750              3  success    13695      
13  Cardiomyocytes   250         3  45.0      750              3  success    13758      
14  Cardiomyocytes   250         4  46.0      750              3  success    13644      
15  Cardiomyocytes   250         5  47.0      750              3  success    13602      
16  Cardiomyocytes   250         6  48.0      750              3  success    13639      
17  Cardiomyocytes   250         7  49.0      750              3  success    13676      
18  Cardiomyocytes   250         8  50.0      750              3  success    13658      
19  Cardiomyocytes   250         9  51.0      750              3  success    13657      
20  Cardiomyocytes   500         0  42.0     1500              3  success    13815      
21  Cardiomyocytes   500         1  43.0     1500              3  success    13876      
22  Cardiomyocytes   500         2  44.0     1500              3  success    13784      
23  Cardiomyocytes   500         3  45.0     1500              3  success    13883      
24  Cardiomyocytes   500         4  46.0     1500              3  success    13774      
25  Cardiomyocytes   500         5  47.0     1500              3  success    13834      
26  Cardiomyocytes   500         6  48.0     1500              3  success    13813      
27  Cardiomyocytes   500         7  49.0     1500              3  success    13847      
28  Cardiomyocytes   500         8  50.0     1500              3  success    13844      
29  Cardiomyocytes   500         9  51.0     1500              3  success    13834      
30  Cardiomyocytes  1000         0  42.0     3000              3  success    13898      
31  Cardiomyocytes  1000         1  43.0     3000              3  success    13893      
32  Cardiomyocytes  1000         2  44.0     3000              3  success    13916      
33  Cardiomyocytes  1000         3  45.0     3000              3  success    13929      
34  Cardiomyocytes  1000         4  46.0     3000              3  success    13893      
35  Cardiomyocytes  1000         5  47.0     3000              3  success    13908      
36  Cardiomyocytes  1000         6  48.0     3000              3  success    13880      
37  Cardiomyocytes  1000         7  49.0     3000              3  success    13917      
38  Cardiomyocytes  1000         8  50.0     3000              3  success    13918      
39  Cardiomyocytes  1000         9  51.0     3000              3  success    13874      
40  Cardiomyocytes  2500         0  42.0     7500              3  success    13904      
41  Cardiomyocytes  2500         1  43.0     7500              3  success    13911      
42  Cardiomyocytes  2500         2  44.0     7500              3  success    13900      
43  Cardiomyocytes  2500         3  45.0     7500              3  success    13904      
44  Cardiomyocytes  2500         4  46.0     7500              3  success    13928      
45  Cardiomyocytes  2500         5  47.0     7500              3  success    13926      
46  Cardiomyocytes  2500         6  48.0     7500              3  success    13909      
47  Cardiomyocytes  2500         7  49.0     7500              3  success    13955      
48  Cardiomyocytes  2500         8  50.0     7500              3  success    13934      
49  Cardiomyocytes  2500         9  51.0     7500              3  success    13897      
50  Cardiomyocytes  5000         0  42.0    15000              3  success    13953      
51  Cardiomyocytes  5000         1  43.0    15000              3  success    13932      
52  Cardiomyocytes  5000         2  44.0    15000              3  success    13924      
53  Cardiomyocytes  5000         3  45.0    15000              3  success    13920      
54  Cardiomyocytes  5000         4  46.0    15000              3  success    13935      
55  Cardiomyocytes  5000         5  47.0    15000              3  success    13928      
56  Cardiomyocytes  5000         6  48.0    15000              3  success    13945      
57  Cardiomyocytes  5000         7  49.0    15000              3  success    13932      
58  Cardiomyocytes  5000         8  50.0    15000              3  success    13954      
59  Cardiomyocytes  5000         9  51.0    15000              3  success    13928      
60  Cardiomyocytes  full         0   NaN    30423              3  success    13945      
2026-07-24 13:34:24,483  INFO      
Done.
2026-07-27 10:13:01,672  INFO      Cell type: Cardiomyocytes
2026-07-27 10:13:01,673  INFO      Depths: [100, 250, 500, 1000, 2500, 5000, None]
2026-07-27 10:13:01,673  INFO      Replicate seeds: [42, 43, 44, 45, 46, 47, 48, 49, 50, 51, 52, 53, 54, 55, 56, 57, 58, 59, 60, 61, 62, 63, 64, 65, 66, 67, 68, 69, 70, 71]
2026-07-27 10:13:01,673  INFO      Loading AnnData...
2026-07-27 10:14:55,667  INFO        152,223 cells x 38,606 genes
2026-07-27 10:14:58,322  INFO        30,423 cells after subsetting to Cardiomyocytes
2026-07-27 10:14:58,322  INFO        Cells per individual:
2026-07-27 10:14:58,324  INFO          NA19099: 17,064
2026-07-27 10:14:58,324  INFO          NA18522: 7,715
2026-07-27 10:14:58,324  INFO          NA19093: 5,644
2026-07-27 10:14:58,324  INFO      
=======================================================
Depth: 100 (30 replicate(s))
2026-07-27 10:14:58,324  INFO        replicate 0 (seed=42)
2026-07-27 10:14:58,353  INFO          300 cells, 3 individuals
2026-07-27 10:14:58,527  INFO          13,233 genes x 3 individuals
2026-07-27 10:14:58,798  INFO        replicate 1 (seed=43)
2026-07-27 10:14:58,824  INFO          300 cells, 3 individuals
2026-07-27 10:14:58,994  INFO          13,228 genes x 3 individuals
2026-07-27 10:14:59,166  INFO        replicate 2 (seed=44)
2026-07-27 10:14:59,191  INFO          300 cells, 3 individuals
2026-07-27 10:14:59,364  INFO          13,073 genes x 3 individuals
2026-07-27 10:14:59,529  INFO        replicate 3 (seed=45)
2026-07-27 10:14:59,554  INFO          300 cells, 3 individuals
2026-07-27 10:14:59,720  INFO          13,101 genes x 3 individuals
2026-07-27 10:14:59,884  INFO        replicate 4 (seed=46)
2026-07-27 10:14:59,908  INFO          300 cells, 3 individuals
2026-07-27 10:15:00,073  INFO          13,224 genes x 3 individuals
2026-07-27 10:15:00,245  INFO        replicate 5 (seed=47)
2026-07-27 10:15:00,270  INFO          300 cells, 3 individuals
2026-07-27 10:15:00,440  INFO          13,243 genes x 3 individuals
2026-07-27 10:15:00,630  INFO        replicate 6 (seed=48)
2026-07-27 10:15:00,656  INFO          300 cells, 3 individuals
2026-07-27 10:15:00,820  INFO          13,124 genes x 3 individuals
2026-07-27 10:15:00,986  INFO        replicate 7 (seed=49)
2026-07-27 10:15:01,011  INFO          300 cells, 3 individuals
2026-07-27 10:15:01,181  INFO          13,143 genes x 3 individuals
2026-07-27 10:15:01,349  INFO        replicate 8 (seed=50)
2026-07-27 10:15:01,374  INFO          300 cells, 3 individuals
2026-07-27 10:15:01,542  INFO          13,190 genes x 3 individuals
2026-07-27 10:15:01,709  INFO        replicate 9 (seed=51)
2026-07-27 10:15:01,734  INFO          300 cells, 3 individuals
2026-07-27 10:15:01,898  INFO          13,222 genes x 3 individuals
2026-07-27 10:15:02,069  INFO        replicate 10 (seed=52)
2026-07-27 10:15:02,094  INFO          300 cells, 3 individuals
2026-07-27 10:15:02,263  INFO          13,298 genes x 3 individuals
2026-07-27 10:15:02,434  INFO        replicate 11 (seed=53)
2026-07-27 10:15:02,459  INFO          300 cells, 3 individuals
2026-07-27 10:15:02,626  INFO          13,232 genes x 3 individuals
2026-07-27 10:15:02,793  INFO        replicate 12 (seed=54)
2026-07-27 10:15:02,818  INFO          300 cells, 3 individuals
2026-07-27 10:15:02,989  INFO          13,275 genes x 3 individuals
2026-07-27 10:15:03,156  INFO        replicate 13 (seed=55)
2026-07-27 10:15:03,181  INFO          300 cells, 3 individuals
2026-07-27 10:15:03,347  INFO          13,254 genes x 3 individuals
2026-07-27 10:15:03,513  INFO        replicate 14 (seed=56)
2026-07-27 10:15:03,538  INFO          300 cells, 3 individuals
2026-07-27 10:15:03,712  INFO          13,143 genes x 3 individuals
2026-07-27 10:15:03,889  INFO        replicate 15 (seed=57)
2026-07-27 10:15:03,914  INFO          300 cells, 3 individuals
2026-07-27 10:15:04,084  INFO          13,155 genes x 3 individuals
2026-07-27 10:15:04,248  INFO        replicate 16 (seed=58)
2026-07-27 10:15:04,273  INFO          300 cells, 3 individuals
2026-07-27 10:15:04,442  INFO          13,185 genes x 3 individuals
2026-07-27 10:15:04,609  INFO        replicate 17 (seed=59)
2026-07-27 10:15:04,635  INFO          300 cells, 3 individuals
2026-07-27 10:15:04,810  INFO          13,429 genes x 3 individuals
2026-07-27 10:15:04,979  INFO        replicate 18 (seed=60)
2026-07-27 10:15:05,004  INFO          300 cells, 3 individuals
2026-07-27 10:15:05,173  INFO          13,226 genes x 3 individuals
2026-07-27 10:15:05,345  INFO        replicate 19 (seed=61)
2026-07-27 10:15:05,370  INFO          300 cells, 3 individuals
2026-07-27 10:15:05,535  INFO          13,144 genes x 3 individuals
2026-07-27 10:15:05,702  INFO        replicate 20 (seed=62)
2026-07-27 10:15:05,727  INFO          300 cells, 3 individuals
2026-07-27 10:15:05,893  INFO          13,166 genes x 3 individuals
2026-07-27 10:15:06,057  INFO        replicate 21 (seed=63)
2026-07-27 10:15:06,082  INFO          300 cells, 3 individuals
2026-07-27 10:15:06,251  INFO          13,317 genes x 3 individuals
2026-07-27 10:15:06,419  INFO        replicate 22 (seed=64)
2026-07-27 10:15:06,444  INFO          300 cells, 3 individuals
2026-07-27 10:15:06,610  INFO          13,137 genes x 3 individuals
2026-07-27 10:15:06,774  INFO        replicate 23 (seed=65)
2026-07-27 10:15:06,799  INFO          300 cells, 3 individuals
2026-07-27 10:15:06,972  INFO          13,216 genes x 3 individuals
2026-07-27 10:15:07,138  INFO        replicate 24 (seed=66)
2026-07-27 10:15:07,163  INFO          300 cells, 3 individuals
2026-07-27 10:15:07,331  INFO          13,158 genes x 3 individuals
2026-07-27 10:15:07,496  INFO        replicate 25 (seed=67)
2026-07-27 10:15:07,520  INFO          300 cells, 3 individuals
2026-07-27 10:15:07,686  INFO          13,157 genes x 3 individuals
2026-07-27 10:15:07,852  INFO        replicate 26 (seed=68)
2026-07-27 10:15:07,876  INFO          300 cells, 3 individuals
2026-07-27 10:15:08,047  INFO          13,174 genes x 3 individuals
2026-07-27 10:15:08,215  INFO        replicate 27 (seed=69)
2026-07-27 10:15:08,240  INFO          300 cells, 3 individuals
2026-07-27 10:15:08,403  INFO          13,110 genes x 3 individuals
2026-07-27 10:15:08,568  INFO        replicate 28 (seed=70)
2026-07-27 10:15:08,603  INFO          300 cells, 3 individuals
2026-07-27 10:15:08,772  INFO          13,175 genes x 3 individuals
2026-07-27 10:15:08,939  INFO        replicate 29 (seed=71)
2026-07-27 10:15:08,963  INFO          300 cells, 3 individuals
2026-07-27 10:15:09,131  INFO          13,086 genes x 3 individuals
2026-07-27 10:15:09,295  INFO      
=======================================================
Depth: 250 (30 replicate(s))
2026-07-27 10:15:09,295  INFO        replicate 0 (seed=42)
2026-07-27 10:15:09,340  INFO          750 cells, 3 individuals
2026-07-27 10:15:09,684  INFO          13,692 genes x 3 individuals
2026-07-27 10:15:09,866  INFO        replicate 1 (seed=43)
2026-07-27 10:15:09,912  INFO          750 cells, 3 individuals
2026-07-27 10:15:10,255  INFO          13,710 genes x 3 individuals
2026-07-27 10:15:10,433  INFO        replicate 2 (seed=44)
2026-07-27 10:15:10,503  INFO          750 cells, 3 individuals
2026-07-27 10:15:10,866  INFO          13,695 genes x 3 individuals
2026-07-27 10:15:11,043  INFO        replicate 3 (seed=45)
2026-07-27 10:15:11,088  INFO          750 cells, 3 individuals
2026-07-27 10:15:11,426  INFO          13,758 genes x 3 individuals
2026-07-27 10:15:11,603  INFO        replicate 4 (seed=46)
2026-07-27 10:15:11,648  INFO          750 cells, 3 individuals
2026-07-27 10:15:12,039  INFO          13,644 genes x 3 individuals
2026-07-27 10:15:12,217  INFO        replicate 5 (seed=47)
2026-07-27 10:15:12,261  INFO          750 cells, 3 individuals
2026-07-27 10:15:12,592  INFO          13,602 genes x 3 individuals
2026-07-27 10:15:12,771  INFO        replicate 6 (seed=48)
2026-07-27 10:15:12,816  INFO          750 cells, 3 individuals
2026-07-27 10:15:13,149  INFO          13,639 genes x 3 individuals
2026-07-27 10:15:13,325  INFO        replicate 7 (seed=49)
2026-07-27 10:15:13,369  INFO          750 cells, 3 individuals
2026-07-27 10:15:13,721  INFO          13,676 genes x 3 individuals
2026-07-27 10:15:13,897  INFO        replicate 8 (seed=50)
2026-07-27 10:15:13,942  INFO          750 cells, 3 individuals
2026-07-27 10:15:14,279  INFO          13,658 genes x 3 individuals
2026-07-27 10:15:14,466  INFO        replicate 9 (seed=51)
2026-07-27 10:15:14,512  INFO          750 cells, 3 individuals
2026-07-27 10:15:14,850  INFO          13,657 genes x 3 individuals
2026-07-27 10:15:15,059  INFO        replicate 10 (seed=52)
2026-07-27 10:15:15,106  INFO          750 cells, 3 individuals
2026-07-27 10:15:15,451  INFO          13,644 genes x 3 individuals
2026-07-27 10:15:15,637  INFO        replicate 11 (seed=53)
2026-07-27 10:15:15,683  INFO          750 cells, 3 individuals
2026-07-27 10:15:16,030  INFO          13,645 genes x 3 individuals
2026-07-27 10:15:16,223  INFO        replicate 12 (seed=54)
2026-07-27 10:15:16,268  INFO          750 cells, 3 individuals
2026-07-27 10:15:16,605  INFO          13,611 genes x 3 individuals
2026-07-27 10:15:16,785  INFO        replicate 13 (seed=55)
2026-07-27 10:15:16,839  INFO          750 cells, 3 individuals
2026-07-27 10:15:17,174  INFO          13,583 genes x 3 individuals
2026-07-27 10:15:17,359  INFO        replicate 14 (seed=56)
2026-07-27 10:15:17,405  INFO          750 cells, 3 individuals
2026-07-27 10:15:17,744  INFO          13,650 genes x 3 individuals
2026-07-27 10:15:18,749  INFO        replicate 15 (seed=57)
2026-07-27 10:15:18,796  INFO          750 cells, 3 individuals
2026-07-27 10:15:19,127  INFO          13,618 genes x 3 individuals
2026-07-27 10:15:19,317  INFO        replicate 16 (seed=58)
2026-07-27 10:15:19,363  INFO          750 cells, 3 individuals
2026-07-27 10:15:19,708  INFO          13,655 genes x 3 individuals
2026-07-27 10:15:19,892  INFO        replicate 17 (seed=59)
2026-07-27 10:15:19,938  INFO          750 cells, 3 individuals
2026-07-27 10:15:20,276  INFO          13,635 genes x 3 individuals
2026-07-27 10:15:20,468  INFO        replicate 18 (seed=60)
2026-07-27 10:15:20,513  INFO          750 cells, 3 individuals
2026-07-27 10:15:20,854  INFO          13,711 genes x 3 individuals
2026-07-27 10:15:21,050  INFO        replicate 19 (seed=61)
2026-07-27 10:15:21,095  INFO          750 cells, 3 individuals
2026-07-27 10:15:21,436  INFO          13,689 genes x 3 individuals
2026-07-27 10:15:21,618  INFO        replicate 20 (seed=62)
2026-07-27 10:15:21,664  INFO          750 cells, 3 individuals
2026-07-27 10:15:22,003  INFO          13,675 genes x 3 individuals
2026-07-27 10:15:22,183  INFO        replicate 21 (seed=63)
2026-07-27 10:15:22,229  INFO          750 cells, 3 individuals
2026-07-27 10:15:22,570  INFO          13,756 genes x 3 individuals
2026-07-27 10:15:22,757  INFO        replicate 22 (seed=64)
2026-07-27 10:15:22,802  INFO          750 cells, 3 individuals
2026-07-27 10:15:23,144  INFO          13,660 genes x 3 individuals
2026-07-27 10:15:23,330  INFO        replicate 23 (seed=65)
2026-07-27 10:15:23,375  INFO          750 cells, 3 individuals
2026-07-27 10:15:23,718  INFO          13,679 genes x 3 individuals
2026-07-27 10:15:23,909  INFO        replicate 24 (seed=66)
2026-07-27 10:15:23,955  INFO          750 cells, 3 individuals
2026-07-27 10:15:24,300  INFO          13,633 genes x 3 individuals
2026-07-27 10:15:24,489  INFO        replicate 25 (seed=67)
2026-07-27 10:15:24,536  INFO          750 cells, 3 individuals
2026-07-27 10:15:24,888  INFO          13,707 genes x 3 individuals
2026-07-27 10:15:25,076  INFO        replicate 26 (seed=68)
2026-07-27 10:15:25,122  INFO          750 cells, 3 individuals
2026-07-27 10:15:25,465  INFO          13,641 genes x 3 individuals
2026-07-27 10:15:25,647  INFO        replicate 27 (seed=69)
2026-07-27 10:15:25,695  INFO          750 cells, 3 individuals
2026-07-27 10:15:26,046  INFO          13,593 genes x 3 individuals
2026-07-27 10:15:26,234  INFO        replicate 28 (seed=70)
2026-07-27 10:15:26,282  INFO          750 cells, 3 individuals
2026-07-27 10:15:26,635  INFO          13,586 genes x 3 individuals
2026-07-27 10:15:26,829  INFO        replicate 29 (seed=71)
2026-07-27 10:15:26,876  INFO          750 cells, 3 individuals
2026-07-27 10:15:27,242  INFO          13,647 genes x 3 individuals
2026-07-27 10:15:27,435  INFO      
=======================================================
Depth: 500 (30 replicate(s))
2026-07-27 10:15:27,435  INFO        replicate 0 (seed=42)
2026-07-27 10:15:27,522  INFO          1,500 cells, 3 individuals
2026-07-27 10:15:28,318  INFO          13,815 genes x 3 individuals
2026-07-27 10:15:28,520  INFO        replicate 1 (seed=43)
2026-07-27 10:15:28,601  INFO          1,500 cells, 3 individuals
2026-07-27 10:15:29,240  INFO          13,876 genes x 3 individuals
2026-07-27 10:15:29,436  INFO        replicate 2 (seed=44)
2026-07-27 10:15:29,518  INFO          1,500 cells, 3 individuals
2026-07-27 10:15:30,144  INFO          13,784 genes x 3 individuals
2026-07-27 10:15:30,338  INFO        replicate 3 (seed=45)
2026-07-27 10:15:30,419  INFO          1,500 cells, 3 individuals
2026-07-27 10:15:31,065  INFO          13,883 genes x 3 individuals
2026-07-27 10:15:31,258  INFO        replicate 4 (seed=46)
2026-07-27 10:15:31,366  INFO          1,500 cells, 3 individuals
2026-07-27 10:15:32,026  INFO          13,774 genes x 3 individuals
2026-07-27 10:15:32,223  INFO        replicate 5 (seed=47)
2026-07-27 10:15:32,304  INFO          1,500 cells, 3 individuals
2026-07-27 10:15:32,974  INFO          13,834 genes x 3 individuals
2026-07-27 10:15:33,166  INFO        replicate 6 (seed=48)
2026-07-27 10:15:33,269  INFO          1,500 cells, 3 individuals
2026-07-27 10:15:33,928  INFO          13,813 genes x 3 individuals
2026-07-27 10:15:34,127  INFO        replicate 7 (seed=49)
2026-07-27 10:15:34,210  INFO          1,500 cells, 3 individuals
2026-07-27 10:15:34,858  INFO          13,847 genes x 3 individuals
2026-07-27 10:15:35,060  INFO        replicate 8 (seed=50)
2026-07-27 10:15:35,156  INFO          1,500 cells, 3 individuals
2026-07-27 10:15:35,834  INFO          13,844 genes x 3 individuals
2026-07-27 10:15:36,030  INFO        replicate 9 (seed=51)
2026-07-27 10:15:36,111  INFO          1,500 cells, 3 individuals
2026-07-27 10:15:36,775  INFO          13,834 genes x 3 individuals
2026-07-27 10:15:36,965  INFO        replicate 10 (seed=52)
2026-07-27 10:15:37,044  INFO          1,500 cells, 3 individuals
2026-07-27 10:15:37,698  INFO          13,817 genes x 3 individuals
2026-07-27 10:15:37,894  INFO        replicate 11 (seed=53)
2026-07-27 10:15:37,978  INFO          1,500 cells, 3 individuals
2026-07-27 10:15:38,630  INFO          13,844 genes x 3 individuals
2026-07-27 10:15:38,831  INFO        replicate 12 (seed=54)
2026-07-27 10:15:38,913  INFO          1,500 cells, 3 individuals
2026-07-27 10:15:39,574  INFO          13,873 genes x 3 individuals
2026-07-27 10:15:39,769  INFO        replicate 13 (seed=55)
2026-07-27 10:15:39,854  INFO          1,500 cells, 3 individuals
2026-07-27 10:15:40,511  INFO          13,878 genes x 3 individuals
2026-07-27 10:15:40,716  INFO        replicate 14 (seed=56)
2026-07-27 10:15:40,799  INFO          1,500 cells, 3 individuals
2026-07-27 10:15:41,468  INFO          13,832 genes x 3 individuals
2026-07-27 10:15:41,657  INFO        replicate 15 (seed=57)
2026-07-27 10:15:41,742  INFO          1,500 cells, 3 individuals
2026-07-27 10:15:42,422  INFO          13,833 genes x 3 individuals
2026-07-27 10:15:42,612  INFO        replicate 16 (seed=58)
2026-07-27 10:15:42,690  INFO          1,500 cells, 3 individuals
2026-07-27 10:15:43,327  INFO          13,771 genes x 3 individuals
2026-07-27 10:15:43,516  INFO        replicate 17 (seed=59)
2026-07-27 10:15:43,594  INFO          1,500 cells, 3 individuals
2026-07-27 10:15:44,197  INFO          13,835 genes x 3 individuals
2026-07-27 10:15:44,384  INFO        replicate 18 (seed=60)
2026-07-27 10:15:44,461  INFO          1,500 cells, 3 individuals
2026-07-27 10:15:45,058  INFO          13,792 genes x 3 individuals
2026-07-27 10:15:45,243  INFO        replicate 19 (seed=61)
2026-07-27 10:15:45,320  INFO          1,500 cells, 3 individuals
2026-07-27 10:15:45,914  INFO          13,802 genes x 3 individuals
2026-07-27 10:15:46,100  INFO        replicate 20 (seed=62)
2026-07-27 10:15:46,179  INFO          1,500 cells, 3 individuals
2026-07-27 10:15:46,794  INFO          13,880 genes x 3 individuals
2026-07-27 10:15:46,982  INFO        replicate 21 (seed=63)
2026-07-27 10:15:47,060  INFO          1,500 cells, 3 individuals
2026-07-27 10:15:47,665  INFO          13,836 genes x 3 individuals
2026-07-27 10:15:47,856  INFO        replicate 22 (seed=64)
2026-07-27 10:15:47,934  INFO          1,500 cells, 3 individuals
2026-07-27 10:15:48,530  INFO          13,778 genes x 3 individuals
2026-07-27 10:15:48,717  INFO        replicate 23 (seed=65)
2026-07-27 10:15:48,795  INFO          1,500 cells, 3 individuals
2026-07-27 10:15:49,396  INFO          13,855 genes x 3 individuals
2026-07-27 10:15:49,583  INFO        replicate 24 (seed=66)
2026-07-27 10:15:49,661  INFO          1,500 cells, 3 individuals
2026-07-27 10:15:50,252  INFO          13,801 genes x 3 individuals
2026-07-27 10:15:50,436  INFO        replicate 25 (seed=67)
2026-07-27 10:15:50,513  INFO          1,500 cells, 3 individuals
2026-07-27 10:15:51,106  INFO          13,843 genes x 3 individuals
2026-07-27 10:15:51,291  INFO        replicate 26 (seed=68)
2026-07-27 10:15:51,369  INFO          1,500 cells, 3 individuals
2026-07-27 10:15:51,963  INFO          13,810 genes x 3 individuals
2026-07-27 10:15:52,150  INFO        replicate 27 (seed=69)
2026-07-27 10:15:52,227  INFO          1,500 cells, 3 individuals
2026-07-27 10:15:52,823  INFO          13,864 genes x 3 individuals
2026-07-27 10:15:53,008  INFO        replicate 28 (seed=70)
2026-07-27 10:15:53,086  INFO          1,500 cells, 3 individuals
2026-07-27 10:15:53,685  INFO          13,838 genes x 3 individuals
2026-07-27 10:15:53,870  INFO        replicate 29 (seed=71)
2026-07-27 10:15:53,947  INFO          1,500 cells, 3 individuals
2026-07-27 10:15:54,540  INFO          13,819 genes x 3 individuals
2026-07-27 10:15:54,724  INFO      
=======================================================
Depth: 1000 (30 replicate(s))
2026-07-27 10:15:54,724  INFO        replicate 0 (seed=42)
2026-07-27 10:15:54,869  INFO          3,000 cells, 3 individuals
2026-07-27 10:15:56,403  INFO          13,898 genes x 3 individuals
2026-07-27 10:15:56,592  INFO        replicate 1 (seed=43)
2026-07-27 10:15:56,733  INFO          3,000 cells, 3 individuals
2026-07-27 10:15:57,981  INFO          13,893 genes x 3 individuals
2026-07-27 10:15:58,171  INFO        replicate 2 (seed=44)
2026-07-27 10:15:58,313  INFO          3,000 cells, 3 individuals
2026-07-27 10:15:59,578  INFO          13,916 genes x 3 individuals
2026-07-27 10:15:59,776  INFO        replicate 3 (seed=45)
2026-07-27 10:15:59,921  INFO          3,000 cells, 3 individuals
2026-07-27 10:16:01,201  INFO          13,929 genes x 3 individuals
2026-07-27 10:16:01,390  INFO        replicate 4 (seed=46)
2026-07-27 10:16:01,532  INFO          3,000 cells, 3 individuals
2026-07-27 10:16:02,812  INFO          13,893 genes x 3 individuals
2026-07-27 10:16:03,026  INFO        replicate 5 (seed=47)
2026-07-27 10:16:03,168  INFO          3,000 cells, 3 individuals
2026-07-27 10:16:04,492  INFO          13,908 genes x 3 individuals
2026-07-27 10:16:04,710  INFO        replicate 6 (seed=48)
2026-07-27 10:16:04,855  INFO          3,000 cells, 3 individuals
2026-07-27 10:16:06,112  INFO          13,880 genes x 3 individuals
2026-07-27 10:16:06,307  INFO        replicate 7 (seed=49)
2026-07-27 10:16:06,450  INFO          3,000 cells, 3 individuals
2026-07-27 10:16:07,754  INFO          13,917 genes x 3 individuals
2026-07-27 10:16:07,946  INFO        replicate 8 (seed=50)
2026-07-27 10:16:08,087  INFO          3,000 cells, 3 individuals
2026-07-27 10:16:09,387  INFO          13,918 genes x 3 individuals
2026-07-27 10:16:09,578  INFO        replicate 9 (seed=51)
2026-07-27 10:16:09,725  INFO          3,000 cells, 3 individuals
2026-07-27 10:16:10,984  INFO          13,874 genes x 3 individuals
2026-07-27 10:16:11,173  INFO        replicate 10 (seed=52)
2026-07-27 10:16:11,376  INFO          3,000 cells, 3 individuals
2026-07-27 10:16:12,655  INFO          13,884 genes x 3 individuals
2026-07-27 10:16:12,856  INFO        replicate 11 (seed=53)
2026-07-27 10:16:13,081  INFO          3,000 cells, 3 individuals
2026-07-27 10:16:14,365  INFO          13,915 genes x 3 individuals
2026-07-27 10:16:14,554  INFO        replicate 12 (seed=54)
2026-07-27 10:16:14,756  INFO          3,000 cells, 3 individuals
2026-07-27 10:16:16,034  INFO          13,881 genes x 3 individuals
2026-07-27 10:16:16,226  INFO        replicate 13 (seed=55)
2026-07-27 10:16:16,384  INFO          3,000 cells, 3 individuals
2026-07-27 10:16:17,707  INFO          13,883 genes x 3 individuals
2026-07-27 10:16:17,899  INFO        replicate 14 (seed=56)
2026-07-27 10:16:18,044  INFO          3,000 cells, 3 individuals
2026-07-27 10:16:19,336  INFO          13,896 genes x 3 individuals
2026-07-27 10:16:19,539  INFO        replicate 15 (seed=57)
2026-07-27 10:16:19,680  INFO          3,000 cells, 3 individuals
2026-07-27 10:16:21,031  INFO          13,872 genes x 3 individuals
2026-07-27 10:16:21,226  INFO        replicate 16 (seed=58)
2026-07-27 10:16:21,367  INFO          3,000 cells, 3 individuals
2026-07-27 10:16:22,685  INFO          13,889 genes x 3 individuals
2026-07-27 10:16:22,890  INFO        replicate 17 (seed=59)
2026-07-27 10:16:23,033  INFO          3,000 cells, 3 individuals
2026-07-27 10:16:24,331  INFO          13,870 genes x 3 individuals
2026-07-27 10:16:24,522  INFO        replicate 18 (seed=60)
2026-07-27 10:16:24,663  INFO          3,000 cells, 3 individuals
2026-07-27 10:16:25,966  INFO          13,922 genes x 3 individuals
2026-07-27 10:16:26,158  INFO        replicate 19 (seed=61)
2026-07-27 10:16:26,299  INFO          3,000 cells, 3 individuals
2026-07-27 10:16:27,595  INFO          13,899 genes x 3 individuals
2026-07-27 10:16:27,785  INFO        replicate 20 (seed=62)
2026-07-27 10:16:27,929  INFO          3,000 cells, 3 individuals
2026-07-27 10:16:29,187  INFO          13,882 genes x 3 individuals
2026-07-27 10:16:29,380  INFO        replicate 21 (seed=63)
2026-07-27 10:16:29,549  INFO          3,000 cells, 3 individuals
2026-07-27 10:16:30,796  INFO          13,876 genes x 3 individuals
2026-07-27 10:16:30,983  INFO        replicate 22 (seed=64)
2026-07-27 10:16:31,124  INFO          3,000 cells, 3 individuals
2026-07-27 10:16:32,366  INFO          13,888 genes x 3 individuals
2026-07-27 10:16:32,556  INFO        replicate 23 (seed=65)
2026-07-27 10:16:32,698  INFO          3,000 cells, 3 individuals
2026-07-27 10:16:33,939  INFO          13,878 genes x 3 individuals
2026-07-27 10:16:34,127  INFO        replicate 24 (seed=66)
2026-07-27 10:16:34,269  INFO          3,000 cells, 3 individuals
2026-07-27 10:16:35,515  INFO          13,889 genes x 3 individuals
2026-07-27 10:16:35,704  INFO        replicate 25 (seed=67)
2026-07-27 10:16:35,846  INFO          3,000 cells, 3 individuals
2026-07-27 10:16:37,122  INFO          13,899 genes x 3 individuals
2026-07-27 10:16:37,310  INFO        replicate 26 (seed=68)
2026-07-27 10:16:37,452  INFO          3,000 cells, 3 individuals
2026-07-27 10:16:38,690  INFO          13,885 genes x 3 individuals
2026-07-27 10:16:38,875  INFO        replicate 27 (seed=69)
2026-07-27 10:16:39,017  INFO          3,000 cells, 3 individuals
2026-07-27 10:16:40,246  INFO          13,871 genes x 3 individuals
2026-07-27 10:16:40,434  INFO        replicate 28 (seed=70)
2026-07-27 10:16:40,575  INFO          3,000 cells, 3 individuals
2026-07-27 10:16:41,836  INFO          13,876 genes x 3 individuals
2026-07-27 10:16:42,024  INFO        replicate 29 (seed=71)
2026-07-27 10:16:42,166  INFO          3,000 cells, 3 individuals
2026-07-27 10:16:43,412  INFO          13,853 genes x 3 individuals
2026-07-27 10:16:43,597  INFO      
=======================================================
Depth: 2500 (30 replicate(s))
2026-07-27 10:16:43,598  INFO        replicate 0 (seed=42)
2026-07-27 10:16:43,933  INFO          7,500 cells, 3 individuals
2026-07-27 10:16:48,489  INFO          13,904 genes x 3 individuals
2026-07-27 10:16:48,688  INFO        replicate 1 (seed=43)
2026-07-27 10:16:49,019  INFO          7,500 cells, 3 individuals
2026-07-27 10:16:53,649  INFO          13,911 genes x 3 individuals
2026-07-27 10:16:53,857  INFO        replicate 2 (seed=44)
2026-07-27 10:16:54,205  INFO          7,500 cells, 3 individuals
2026-07-27 10:16:59,057  INFO          13,900 genes x 3 individuals
2026-07-27 10:16:59,260  INFO        replicate 3 (seed=45)
2026-07-27 10:16:59,626  INFO          7,500 cells, 3 individuals
2026-07-27 10:17:04,429  INFO          13,904 genes x 3 individuals
2026-07-27 10:17:04,652  INFO        replicate 4 (seed=46)
2026-07-27 10:17:05,014  INFO          7,500 cells, 3 individuals
2026-07-27 10:17:09,806  INFO          13,928 genes x 3 individuals
2026-07-27 10:17:10,051  INFO        replicate 5 (seed=47)
2026-07-27 10:17:10,398  INFO          7,500 cells, 3 individuals
2026-07-27 10:17:15,099  INFO          13,926 genes x 3 individuals
2026-07-27 10:17:15,307  INFO        replicate 6 (seed=48)
2026-07-27 10:17:15,780  INFO          7,500 cells, 3 individuals
2026-07-27 10:17:20,469  INFO          13,909 genes x 3 individuals
2026-07-27 10:17:20,677  INFO        replicate 7 (seed=49)
2026-07-27 10:17:21,279  INFO          7,500 cells, 3 individuals
2026-07-27 10:17:26,035  INFO          13,955 genes x 3 individuals
2026-07-27 10:17:26,243  INFO        replicate 8 (seed=50)
2026-07-27 10:17:26,738  INFO          7,500 cells, 3 individuals
2026-07-27 10:17:31,725  INFO          13,934 genes x 3 individuals
2026-07-27 10:17:31,936  INFO        replicate 9 (seed=51)
2026-07-27 10:17:32,284  INFO          7,500 cells, 3 individuals
2026-07-27 10:17:37,238  INFO          13,897 genes x 3 individuals
2026-07-27 10:17:37,439  INFO        replicate 10 (seed=52)
2026-07-27 10:17:37,805  INFO          7,500 cells, 3 individuals
2026-07-27 10:17:42,601  INFO          13,931 genes x 3 individuals
2026-07-27 10:17:42,820  INFO        replicate 11 (seed=53)
2026-07-27 10:17:43,186  INFO          7,500 cells, 3 individuals
2026-07-27 10:17:48,003  INFO          13,910 genes x 3 individuals
2026-07-27 10:17:48,212  INFO        replicate 12 (seed=54)
2026-07-27 10:17:48,566  INFO          7,500 cells, 3 individuals
2026-07-27 10:17:53,327  INFO          13,922 genes x 3 individuals
2026-07-27 10:17:53,542  INFO        replicate 13 (seed=55)
2026-07-27 10:17:53,888  INFO          7,500 cells, 3 individuals
2026-07-27 10:17:58,693  INFO          13,922 genes x 3 individuals
2026-07-27 10:17:58,900  INFO        replicate 14 (seed=56)
2026-07-27 10:17:59,275  INFO          7,500 cells, 3 individuals
2026-07-27 10:18:03,952  INFO          13,894 genes x 3 individuals
2026-07-27 10:18:04,152  INFO        replicate 15 (seed=57)
2026-07-27 10:18:04,487  INFO          7,500 cells, 3 individuals
2026-07-27 10:18:08,998  INFO          13,923 genes x 3 individuals
2026-07-27 10:18:09,198  INFO        replicate 16 (seed=58)
2026-07-27 10:18:09,532  INFO          7,500 cells, 3 individuals
2026-07-27 10:18:14,061  INFO          13,913 genes x 3 individuals
2026-07-27 10:18:14,290  INFO        replicate 17 (seed=59)
2026-07-27 10:18:14,620  INFO          7,500 cells, 3 individuals
2026-07-27 10:18:19,093  INFO          13,912 genes x 3 individuals
2026-07-27 10:18:19,293  INFO        replicate 18 (seed=60)
2026-07-27 10:18:19,679  INFO          7,500 cells, 3 individuals
2026-07-27 10:18:24,219  INFO          13,935 genes x 3 individuals
2026-07-27 10:18:24,418  INFO        replicate 19 (seed=61)
2026-07-27 10:18:24,941  INFO          7,500 cells, 3 individuals
2026-07-27 10:18:29,394  INFO          13,917 genes x 3 individuals
2026-07-27 10:18:29,595  INFO        replicate 20 (seed=62)
2026-07-27 10:18:30,114  INFO          7,500 cells, 3 individuals
2026-07-27 10:18:34,808  INFO          13,891 genes x 3 individuals
2026-07-27 10:18:35,013  INFO        replicate 21 (seed=63)
2026-07-27 10:18:35,376  INFO          7,500 cells, 3 individuals
2026-07-27 10:18:40,100  INFO          13,929 genes x 3 individuals
2026-07-27 10:18:40,303  INFO        replicate 22 (seed=64)
2026-07-27 10:18:40,633  INFO          7,500 cells, 3 individuals
2026-07-27 10:18:45,163  INFO          13,923 genes x 3 individuals
2026-07-27 10:18:45,362  INFO        replicate 23 (seed=65)
2026-07-27 10:18:45,692  INFO          7,500 cells, 3 individuals
2026-07-27 10:18:50,220  INFO          13,915 genes x 3 individuals
2026-07-27 10:18:50,423  INFO        replicate 24 (seed=66)
2026-07-27 10:18:50,754  INFO          7,500 cells, 3 individuals
2026-07-27 10:18:55,276  INFO          13,926 genes x 3 individuals
2026-07-27 10:18:55,479  INFO        replicate 25 (seed=67)
2026-07-27 10:18:55,809  INFO          7,500 cells, 3 individuals
2026-07-27 10:19:00,313  INFO          13,909 genes x 3 individuals
2026-07-27 10:19:00,514  INFO        replicate 26 (seed=68)
2026-07-27 10:19:00,846  INFO          7,500 cells, 3 individuals
2026-07-27 10:19:05,430  INFO          13,926 genes x 3 individuals
2026-07-27 10:19:05,632  INFO        replicate 27 (seed=69)
2026-07-27 10:19:05,988  INFO          7,500 cells, 3 individuals
2026-07-27 10:19:10,481  INFO          13,918 genes x 3 individuals
2026-07-27 10:19:10,683  INFO        replicate 28 (seed=70)
2026-07-27 10:19:11,014  INFO          7,500 cells, 3 individuals
2026-07-27 10:19:15,510  INFO          13,922 genes x 3 individuals
2026-07-27 10:19:15,708  INFO        replicate 29 (seed=71)
2026-07-27 10:19:16,039  INFO          7,500 cells, 3 individuals
2026-07-27 10:19:20,515  INFO          13,917 genes x 3 individuals
2026-07-27 10:19:20,744  INFO      
=======================================================
Depth: 5000 (30 replicate(s))
2026-07-27 10:19:20,744  INFO        replicate 0 (seed=42)
2026-07-27 10:19:21,642  INFO          15,000 cells, 3 individuals
2026-07-27 10:19:31,279  INFO          13,953 genes x 3 individuals
2026-07-27 10:19:31,497  INFO        replicate 1 (seed=43)
2026-07-27 10:19:32,799  INFO          15,000 cells, 3 individuals
2026-07-27 10:19:42,596  INFO          13,932 genes x 3 individuals
2026-07-27 10:19:42,813  INFO        replicate 2 (seed=44)
2026-07-27 10:19:44,098  INFO          15,000 cells, 3 individuals
2026-07-27 10:19:54,265  INFO          13,924 genes x 3 individuals
2026-07-27 10:19:54,492  INFO        replicate 3 (seed=45)
2026-07-27 10:19:55,438  INFO          15,000 cells, 3 individuals
2026-07-27 10:20:05,309  INFO          13,920 genes x 3 individuals
2026-07-27 10:20:05,535  INFO        replicate 4 (seed=46)
2026-07-27 10:20:06,497  INFO          15,000 cells, 3 individuals
2026-07-27 10:20:16,642  INFO          13,935 genes x 3 individuals
2026-07-27 10:20:16,877  INFO        replicate 5 (seed=47)
2026-07-27 10:20:17,822  INFO          15,000 cells, 3 individuals
2026-07-27 10:20:27,736  INFO          13,928 genes x 3 individuals
2026-07-27 10:20:27,999  INFO        replicate 6 (seed=48)
2026-07-27 10:20:28,992  INFO          15,000 cells, 3 individuals
2026-07-27 10:20:39,230  INFO          13,945 genes x 3 individuals
2026-07-27 10:20:39,451  INFO        replicate 7 (seed=49)
2026-07-27 10:20:41,041  INFO          15,000 cells, 3 individuals
2026-07-27 10:20:51,134  INFO          13,932 genes x 3 individuals
2026-07-27 10:20:51,351  INFO        replicate 8 (seed=50)
2026-07-27 10:20:52,300  INFO          15,000 cells, 3 individuals
2026-07-27 10:21:02,185  INFO          13,954 genes x 3 individuals
2026-07-27 10:21:02,414  INFO        replicate 9 (seed=51)
2026-07-27 10:21:03,356  INFO          15,000 cells, 3 individuals
2026-07-27 10:21:13,435  INFO          13,928 genes x 3 individuals
2026-07-27 10:21:13,650  INFO        replicate 10 (seed=52)
2026-07-27 10:21:14,580  INFO          15,000 cells, 3 individuals
2026-07-27 10:21:24,659  INFO          13,945 genes x 3 individuals
2026-07-27 10:21:24,915  INFO        replicate 11 (seed=53)
2026-07-27 10:21:25,971  INFO          15,000 cells, 3 individuals
2026-07-27 10:21:35,947  INFO          13,935 genes x 3 individuals
2026-07-27 10:21:36,184  INFO        replicate 12 (seed=54)
2026-07-27 10:21:37,642  INFO          15,000 cells, 3 individuals
2026-07-27 10:21:47,752  INFO          13,953 genes x 3 individuals
2026-07-27 10:21:47,989  INFO        replicate 13 (seed=55)
2026-07-27 10:21:49,008  INFO          15,000 cells, 3 individuals
2026-07-27 10:21:58,675  INFO          13,934 genes x 3 individuals
2026-07-27 10:21:58,889  INFO        replicate 14 (seed=56)
2026-07-27 10:21:59,794  INFO          15,000 cells, 3 individuals
2026-07-27 10:22:09,294  INFO          13,924 genes x 3 individuals
2026-07-27 10:22:09,507  INFO        replicate 15 (seed=57)
2026-07-27 10:22:10,407  INFO          15,000 cells, 3 individuals
2026-07-27 10:22:19,835  INFO          13,931 genes x 3 individuals
2026-07-27 10:22:20,079  INFO        replicate 16 (seed=58)
2026-07-27 10:22:21,232  INFO          15,000 cells, 3 individuals
2026-07-27 10:22:31,084  INFO          13,922 genes x 3 individuals
2026-07-27 10:22:31,306  INFO        replicate 17 (seed=59)
2026-07-27 10:22:32,728  INFO          15,000 cells, 3 individuals
2026-07-27 10:22:42,340  INFO          13,959 genes x 3 individuals
2026-07-27 10:22:42,625  INFO        replicate 18 (seed=60)
2026-07-27 10:22:43,549  INFO          15,000 cells, 3 individuals
2026-07-27 10:22:53,626  INFO          13,939 genes x 3 individuals
2026-07-27 10:22:53,852  INFO        replicate 19 (seed=61)
2026-07-27 10:22:54,787  INFO          15,000 cells, 3 individuals
2026-07-27 10:23:04,667  INFO          13,934 genes x 3 individuals
2026-07-27 10:23:04,896  INFO        replicate 20 (seed=62)
2026-07-27 10:23:05,850  INFO          15,000 cells, 3 individuals
2026-07-27 10:23:15,866  INFO          13,949 genes x 3 individuals
2026-07-27 10:23:16,077  INFO        replicate 21 (seed=63)
2026-07-27 10:23:17,050  INFO          15,000 cells, 3 individuals
2026-07-27 10:23:26,915  INFO          13,934 genes x 3 individuals
2026-07-27 10:23:27,174  INFO        replicate 22 (seed=64)
2026-07-27 10:23:28,301  INFO          15,000 cells, 3 individuals
2026-07-27 10:23:38,196  INFO          13,949 genes x 3 individuals
2026-07-27 10:23:38,411  INFO        replicate 23 (seed=65)
2026-07-27 10:23:39,892  INFO          15,000 cells, 3 individuals
2026-07-27 10:23:50,045  INFO          13,932 genes x 3 individuals
2026-07-27 10:23:50,260  INFO        replicate 24 (seed=66)
2026-07-27 10:23:51,228  INFO          15,000 cells, 3 individuals
2026-07-27 10:24:01,354  INFO          13,933 genes x 3 individuals
2026-07-27 10:24:01,575  INFO        replicate 25 (seed=67)
2026-07-27 10:24:02,475  INFO          15,000 cells, 3 individuals
2026-07-27 10:24:11,942  INFO          13,926 genes x 3 individuals
2026-07-27 10:24:12,158  INFO        replicate 26 (seed=68)
2026-07-27 10:24:13,073  INFO          15,000 cells, 3 individuals
2026-07-27 10:24:22,626  INFO          13,936 genes x 3 individuals
2026-07-27 10:24:22,871  INFO        replicate 27 (seed=69)
2026-07-27 10:24:24,038  INFO          15,000 cells, 3 individuals
2026-07-27 10:24:33,572  INFO          13,937 genes x 3 individuals
2026-07-27 10:24:33,784  INFO        replicate 28 (seed=70)
2026-07-27 10:24:35,142  INFO          15,000 cells, 3 individuals
2026-07-27 10:24:44,619  INFO          13,932 genes x 3 individuals
2026-07-27 10:24:44,832  INFO        replicate 29 (seed=71)
2026-07-27 10:24:45,794  INFO          15,000 cells, 3 individuals
2026-07-27 10:24:55,110  INFO          13,926 genes x 3 individuals
2026-07-27 10:24:55,324  INFO      
=======================================================
Depth: full (1 replicate(s))
2026-07-27 10:24:55,324  INFO        replicate 0 (seed=None)
2026-07-27 10:24:55,326  INFO          30,423 cells, 3 individuals
2026-07-27 10:25:14,588  INFO          13,945 genes x 3 individuals
2026-07-27 10:25:14,818  INFO      
Summary written to /project/gilad/awchen55/differentialDispersion/analysis/dispersion_diagnostics/data/downsample_reliability/sweep_summary.csv
2026-07-27 10:25:14,859  INFO      
          cell_type depth replicate  seed  n_cells  n_individuals   status  n_genes error
0    Cardiomyocytes   100         0  42.0      300              3  success    13233      
1    Cardiomyocytes   100         1  43.0      300              3  success    13228      
2    Cardiomyocytes   100         2  44.0      300              3  success    13073      
3    Cardiomyocytes   100         3  45.0      300              3  success    13101      
4    Cardiomyocytes   100         4  46.0      300              3  success    13224      
5    Cardiomyocytes   100         5  47.0      300              3  success    13243      
6    Cardiomyocytes   100         6  48.0      300              3  success    13124      
7    Cardiomyocytes   100         7  49.0      300              3  success    13143      
8    Cardiomyocytes   100         8  50.0      300              3  success    13190      
9    Cardiomyocytes   100         9  51.0      300              3  success    13222      
10   Cardiomyocytes   100        10  52.0      300              3  success    13298      
11   Cardiomyocytes   100        11  53.0      300              3  success    13232      
12   Cardiomyocytes   100        12  54.0      300              3  success    13275      
13   Cardiomyocytes   100        13  55.0      300              3  success    13254      
14   Cardiomyocytes   100        14  56.0      300              3  success    13143      
15   Cardiomyocytes   100        15  57.0      300              3  success    13155      
16   Cardiomyocytes   100        16  58.0      300              3  success    13185      
17   Cardiomyocytes   100        17  59.0      300              3  success    13429      
18   Cardiomyocytes   100        18  60.0      300              3  success    13226      
19   Cardiomyocytes   100        19  61.0      300              3  success    13144      
20   Cardiomyocytes   100        20  62.0      300              3  success    13166      
21   Cardiomyocytes   100        21  63.0      300              3  success    13317      
22   Cardiomyocytes   100        22  64.0      300              3  success    13137      
23   Cardiomyocytes   100        23  65.0      300              3  success    13216      
24   Cardiomyocytes   100        24  66.0      300              3  success    13158      
25   Cardiomyocytes   100        25  67.0      300              3  success    13157      
26   Cardiomyocytes   100        26  68.0      300              3  success    13174      
27   Cardiomyocytes   100        27  69.0      300              3  success    13110      
28   Cardiomyocytes   100        28  70.0      300              3  success    13175      
29   Cardiomyocytes   100        29  71.0      300              3  success    13086      
30   Cardiomyocytes   250         0  42.0      750              3  success    13692      
31   Cardiomyocytes   250         1  43.0      750              3  success    13710      
32   Cardiomyocytes   250         2  44.0      750              3  success    13695      
33   Cardiomyocytes   250         3  45.0      750              3  success    13758      
34   Cardiomyocytes   250         4  46.0      750              3  success    13644      
35   Cardiomyocytes   250         5  47.0      750              3  success    13602      
36   Cardiomyocytes   250         6  48.0      750              3  success    13639      
37   Cardiomyocytes   250         7  49.0      750              3  success    13676      
38   Cardiomyocytes   250         8  50.0      750              3  success    13658      
39   Cardiomyocytes   250         9  51.0      750              3  success    13657      
40   Cardiomyocytes   250        10  52.0      750              3  success    13644      
41   Cardiomyocytes   250        11  53.0      750              3  success    13645      
42   Cardiomyocytes   250        12  54.0      750              3  success    13611      
43   Cardiomyocytes   250        13  55.0      750              3  success    13583      
44   Cardiomyocytes   250        14  56.0      750              3  success    13650      
45   Cardiomyocytes   250        15  57.0      750              3  success    13618      
46   Cardiomyocytes   250        16  58.0      750              3  success    13655      
47   Cardiomyocytes   250        17  59.0      750              3  success    13635      
48   Cardiomyocytes   250        18  60.0      750              3  success    13711      
49   Cardiomyocytes   250        19  61.0      750              3  success    13689      
50   Cardiomyocytes   250        20  62.0      750              3  success    13675      
51   Cardiomyocytes   250        21  63.0      750              3  success    13756      
52   Cardiomyocytes   250        22  64.0      750              3  success    13660      
53   Cardiomyocytes   250        23  65.0      750              3  success    13679      
54   Cardiomyocytes   250        24  66.0      750              3  success    13633      
55   Cardiomyocytes   250        25  67.0      750              3  success    13707      
56   Cardiomyocytes   250        26  68.0      750              3  success    13641      
57   Cardiomyocytes   250        27  69.0      750              3  success    13593      
58   Cardiomyocytes   250        28  70.0      750              3  success    13586      
59   Cardiomyocytes   250        29  71.0      750              3  success    13647      
60   Cardiomyocytes   500         0  42.0     1500              3  success    13815      
61   Cardiomyocytes   500         1  43.0     1500              3  success    13876      
62   Cardiomyocytes   500         2  44.0     1500              3  success    13784      
63   Cardiomyocytes   500         3  45.0     1500              3  success    13883      
64   Cardiomyocytes   500         4  46.0     1500              3  success    13774      
65   Cardiomyocytes   500         5  47.0     1500              3  success    13834      
66   Cardiomyocytes   500         6  48.0     1500              3  success    13813      
67   Cardiomyocytes   500         7  49.0     1500              3  success    13847      
68   Cardiomyocytes   500         8  50.0     1500              3  success    13844      
69   Cardiomyocytes   500         9  51.0     1500              3  success    13834      
70   Cardiomyocytes   500        10  52.0     1500              3  success    13817      
71   Cardiomyocytes   500        11  53.0     1500              3  success    13844      
72   Cardiomyocytes   500        12  54.0     1500              3  success    13873      
73   Cardiomyocytes   500        13  55.0     1500              3  success    13878      
74   Cardiomyocytes   500        14  56.0     1500              3  success    13832      
75   Cardiomyocytes   500        15  57.0     1500              3  success    13833      
76   Cardiomyocytes   500        16  58.0     1500              3  success    13771      
77   Cardiomyocytes   500        17  59.0     1500              3  success    13835      
78   Cardiomyocytes   500        18  60.0     1500              3  success    13792      
79   Cardiomyocytes   500        19  61.0     1500              3  success    13802      
80   Cardiomyocytes   500        20  62.0     1500              3  success    13880      
81   Cardiomyocytes   500        21  63.0     1500              3  success    13836      
82   Cardiomyocytes   500        22  64.0     1500              3  success    13778      
83   Cardiomyocytes   500        23  65.0     1500              3  success    13855      
84   Cardiomyocytes   500        24  66.0     1500              3  success    13801      
85   Cardiomyocytes   500        25  67.0     1500              3  success    13843      
86   Cardiomyocytes   500        26  68.0     1500              3  success    13810      
87   Cardiomyocytes   500        27  69.0     1500              3  success    13864      
88   Cardiomyocytes   500        28  70.0     1500              3  success    13838      
89   Cardiomyocytes   500        29  71.0     1500              3  success    13819      
90   Cardiomyocytes  1000         0  42.0     3000              3  success    13898      
91   Cardiomyocytes  1000         1  43.0     3000              3  success    13893      
92   Cardiomyocytes  1000         2  44.0     3000              3  success    13916      
93   Cardiomyocytes  1000         3  45.0     3000              3  success    13929      
94   Cardiomyocytes  1000         4  46.0     3000              3  success    13893      
95   Cardiomyocytes  1000         5  47.0     3000              3  success    13908      
96   Cardiomyocytes  1000         6  48.0     3000              3  success    13880      
97   Cardiomyocytes  1000         7  49.0     3000              3  success    13917      
98   Cardiomyocytes  1000         8  50.0     3000              3  success    13918      
99   Cardiomyocytes  1000         9  51.0     3000              3  success    13874      
100  Cardiomyocytes  1000        10  52.0     3000              3  success    13884      
101  Cardiomyocytes  1000        11  53.0     3000              3  success    13915      
102  Cardiomyocytes  1000        12  54.0     3000              3  success    13881      
103  Cardiomyocytes  1000        13  55.0     3000              3  success    13883      
104  Cardiomyocytes  1000        14  56.0     3000              3  success    13896      
105  Cardiomyocytes  1000        15  57.0     3000              3  success    13872      
106  Cardiomyocytes  1000        16  58.0     3000              3  success    13889      
107  Cardiomyocytes  1000        17  59.0     3000              3  success    13870      
108  Cardiomyocytes  1000        18  60.0     3000              3  success    13922      
109  Cardiomyocytes  1000        19  61.0     3000              3  success    13899      
110  Cardiomyocytes  1000        20  62.0     3000              3  success    13882      
111  Cardiomyocytes  1000        21  63.0     3000              3  success    13876      
112  Cardiomyocytes  1000        22  64.0     3000              3  success    13888      
113  Cardiomyocytes  1000        23  65.0     3000              3  success    13878      
114  Cardiomyocytes  1000        24  66.0     3000              3  success    13889      
115  Cardiomyocytes  1000        25  67.0     3000              3  success    13899      
116  Cardiomyocytes  1000        26  68.0     3000              3  success    13885      
117  Cardiomyocytes  1000        27  69.0     3000              3  success    13871      
118  Cardiomyocytes  1000        28  70.0     3000              3  success    13876      
119  Cardiomyocytes  1000        29  71.0     3000              3  success    13853      
120  Cardiomyocytes  2500         0  42.0     7500              3  success    13904      
121  Cardiomyocytes  2500         1  43.0     7500              3  success    13911      
122  Cardiomyocytes  2500         2  44.0     7500              3  success    13900      
123  Cardiomyocytes  2500         3  45.0     7500              3  success    13904      
124  Cardiomyocytes  2500         4  46.0     7500              3  success    13928      
125  Cardiomyocytes  2500         5  47.0     7500              3  success    13926      
126  Cardiomyocytes  2500         6  48.0     7500              3  success    13909      
127  Cardiomyocytes  2500         7  49.0     7500              3  success    13955      
128  Cardiomyocytes  2500         8  50.0     7500              3  success    13934      
129  Cardiomyocytes  2500         9  51.0     7500              3  success    13897      
130  Cardiomyocytes  2500        10  52.0     7500              3  success    13931      
131  Cardiomyocytes  2500        11  53.0     7500              3  success    13910      
132  Cardiomyocytes  2500        12  54.0     7500              3  success    13922      
133  Cardiomyocytes  2500        13  55.0     7500              3  success    13922      
134  Cardiomyocytes  2500        14  56.0     7500              3  success    13894      
135  Cardiomyocytes  2500        15  57.0     7500              3  success    13923      
136  Cardiomyocytes  2500        16  58.0     7500              3  success    13913      
137  Cardiomyocytes  2500        17  59.0     7500              3  success    13912      
138  Cardiomyocytes  2500        18  60.0     7500              3  success    13935      
139  Cardiomyocytes  2500        19  61.0     7500              3  success    13917      
140  Cardiomyocytes  2500        20  62.0     7500              3  success    13891      
141  Cardiomyocytes  2500        21  63.0     7500              3  success    13929      
142  Cardiomyocytes  2500        22  64.0     7500              3  success    13923      
143  Cardiomyocytes  2500        23  65.0     7500              3  success    13915      
144  Cardiomyocytes  2500        24  66.0     7500              3  success    13926      
145  Cardiomyocytes  2500        25  67.0     7500              3  success    13909      
146  Cardiomyocytes  2500        26  68.0     7500              3  success    13926      
147  Cardiomyocytes  2500        27  69.0     7500              3  success    13918      
148  Cardiomyocytes  2500        28  70.0     7500              3  success    13922      
149  Cardiomyocytes  2500        29  71.0     7500              3  success    13917      
150  Cardiomyocytes  5000         0  42.0    15000              3  success    13953      
151  Cardiomyocytes  5000         1  43.0    15000              3  success    13932      
152  Cardiomyocytes  5000         2  44.0    15000              3  success    13924      
153  Cardiomyocytes  5000         3  45.0    15000              3  success    13920      
154  Cardiomyocytes  5000         4  46.0    15000              3  success    13935      
155  Cardiomyocytes  5000         5  47.0    15000              3  success    13928      
156  Cardiomyocytes  5000         6  48.0    15000              3  success    13945      
157  Cardiomyocytes  5000         7  49.0    15000              3  success    13932      
158  Cardiomyocytes  5000         8  50.0    15000              3  success    13954      
159  Cardiomyocytes  5000         9  51.0    15000              3  success    13928      
160  Cardiomyocytes  5000        10  52.0    15000              3  success    13945      
161  Cardiomyocytes  5000        11  53.0    15000              3  success    13935      
162  Cardiomyocytes  5000        12  54.0    15000              3  success    13953      
163  Cardiomyocytes  5000        13  55.0    15000              3  success    13934      
164  Cardiomyocytes  5000        14  56.0    15000              3  success    13924      
165  Cardiomyocytes  5000        15  57.0    15000              3  success    13931      
166  Cardiomyocytes  5000        16  58.0    15000              3  success    13922      
167  Cardiomyocytes  5000        17  59.0    15000              3  success    13959      
168  Cardiomyocytes  5000        18  60.0    15000              3  success    13939      
169  Cardiomyocytes  5000        19  61.0    15000              3  success    13934      
170  Cardiomyocytes  5000        20  62.0    15000              3  success    13949      
171  Cardiomyocytes  5000        21  63.0    15000              3  success    13934      
172  Cardiomyocytes  5000        22  64.0    15000              3  success    13949      
173  Cardiomyocytes  5000        23  65.0    15000              3  success    13932      
174  Cardiomyocytes  5000        24  66.0    15000              3  success    13933      
175  Cardiomyocytes  5000        25  67.0    15000              3  success    13926      
176  Cardiomyocytes  5000        26  68.0    15000              3  success    13936      
177  Cardiomyocytes  5000        27  69.0    15000              3  success    13937      
178  Cardiomyocytes  5000        28  70.0    15000              3  success    13932      
179  Cardiomyocytes  5000        29  71.0    15000              3  success    13926      
180  Cardiomyocytes  full         0   NaN    30423              3  success    13945      
2026-07-27 10:25:14,860  INFO      
Done.
